// Jest Snapshot v1, https://goo.gl/fbAQLP

exports[`renders 1`] = `
<DocumentFragment>
  <form
    action="#"
    data-testid="form"
  >
    <span
      aria-disabled="false"
      class="MuiButtonBase-root MuiIconButton-root PrivateSwitchBase-root-7 MuiCheckbox-root MuiCheckbox-colorSecondary MuiIconButton-colorSecondary"
    >
      <span
        class="MuiIconButton-label"
      >
        <input
          class="PrivateSwitchBase-input-10"
          data-indeterminate="false"
          name="checked"
          type="checkbox"
          value=""
        />
        <svg
          aria-hidden="true"
          class="MuiSvgIcon-root"
          focusable="false"
          role="presentation"
          viewBox="0 0 24 24"
        >
          <path
            d="M19 5v14H5V5h14m0-2H5c-1.1 0-2 .9-2 2v14c0 1.1.9 2 2 2h14c1.1 0 2-.9 2-2V5c0-1.1-.9-2-2-2z"
          />
        </svg>
      </span>
      <span
        class="MuiTouchRipple-root"
      />
    </span>
    <button
      data-testid="submit"
    >
      submit
    </button>
  </form>
</DocumentFragment>
`;
