// Jest Snapshot v1, https://goo.gl/fbAQLP

exports[`SimpleFileUpload Renders Correctly 1`] = `
<form
  action="#"
  onReset={[Function]}
  onSubmit={[Function]}
>
  <div>
    <div
      className="MuiFormControl-root"
    >
      <label
        className="MuiFormLabel-root MuiInputLabel-root MuiInputLabel-formControl MuiInputLabel-animated MuiInputLabel-shrink"
        data-shrink={true}
      >
        Select
      </label>
      <div
        className="MuiInputBase-root MuiInput-root MuiInput-underline MuiInputBase-formControl MuiInput-formControl"
        onClick={[Function]}
      >
        <input
          aria-invalid={false}
          className="MuiInputBase-input MuiInput-input"
          disabled={false}
          name="test"
          onAnimationStart={[Function]}
          onBlur={[Function]}
          onChange={[Function]}
          onFocus={[Function]}
          required={false}
          type="file"
        />
      </div>
    </div>
  </div>
</form>
`;
