// Jest Snapshot v1, https://goo.gl/fbAQLP

exports[`Switch Renders Correctly 1`] = `
<form
  action="#"
  onReset={[Function]}
  onSubmit={[Function]}
>
  <span
    className="MuiSwitch-root"
  >
    <span
      aria-disabled={false}
      className="MuiButtonBase-root MuiIconButton-root PrivateSwitchBase-root-13 MuiSwitch-switchBase MuiSwitch-colorSecondary"
      onBlur={[Function]}
      onDragLeave={[Function]}
      onFocus={[Function]}
      onKeyDown={[Function]}
      onKeyUp={[Function]}
      onMouseDown={[Function]}
      onMouseLeave={[Function]}
      onMouseUp={[Function]}
      onTouchEnd={[Function]}
      onTouchMove={[Function]}
      onTouchStart={[Function]}
      tabIndex={null}
    >
      <span
        className="MuiIconButton-label"
      >
        <input
          className="PrivateSwitchBase-input-16 MuiSwitch-input"
          disabled={false}
          name="test"
          onChange={[Function]}
          type="checkbox"
          value="test"
        />
        <span
          className="MuiSwitch-thumb"
        />
      </span>
    </span>
    <span
      className="MuiSwitch-track"
    />
  </span>
</form>
`;
